// Vitest Snapshot v1, https://vitest.dev/guide/snapshot.html

exports[`NotFound > should render snapshot 1`] = `
<DocumentFragment>
  <div
    class="not-found"
  >
    <div>
      <h1
        class="not-found__title"
      >
        404
      </h1>
      <div
        class="not-found__card"
      >
        <p
          class="not-found__desc"
        >
          No hemos encontrado esta p√°gina.
        </p>
        <p
          class="not-found__hint"
        >
          Usa la barra lateral para ir a un ejercicio.
        </p>
      </div>
    </div>
  </div>
</DocumentFragment>
`;
